
ssaara@IM-LP-1894 MINGW64 ~/Desktop/git
$ git init
Initialized empty Git repository in C:/Users/ssaara/Desktop/git/.git/

ssaara@IM-LP-1894 MINGW64 ~/Desktop/git (master)
$ git status
On branch master

No commits yet

nothing to commit (create/copy files and use "git add" to track)

ssaara@IM-LP-1894 MINGW64 ~/Desktop/git (master)
$ touch file1.txt

ssaara@IM-LP-1894 MINGW64 ~/Desktop/git (master)
$ git status
On branch master



Untracked files:
  (use "git add <file>..." to include in what will be committed)
        file1.txt

nothing added to commit but untracked files present (use "git add" to tr

ssaara@IM-LP-1894 MINGW64 ~/Desktop/git (master)
$ git add file1.txt

ssaara@IM-LP-1894 MINGW64 ~/Desktop/git (master)
$ git status
On branch master

No commits yet

Changes to be committed:
  (use "git rm --cached <file>..." to unstage)
        new file:   file1.txt


ssaara@IM-LP-1894 MINGW64 ~/Desktop/git (master)
$ git commit -m
error: switch `m' requires a value

ssaara@IM-LP-1894 MINGW64 ~/Desktop/git (master)
$ git commit -m "initial commit"
[master (root-commit) af08f06] initial commit
 Committer: Santhosh Goud Saara <ssaara@innominds.com>
Your name and email address were configured automatically based
on your username and hostname. Please check that they are accurate.
You can suppress this message by setting them explicitly. Run the
following command and follow the instructions in your editor to edit
your configuration file:

    git config --global --edit

After doing this, you may fix the identity used for this commit with:

    git commit --amend --reset-author

 1 file changed, 0 insertions(+), 0 deletions(-)
 create mode 100644 file1.txt

ssaara@IM-LP-1894 MINGW64 ~/Desktop/git (master)
$ git status
On branch master
nothing to commit, working tree clean

ssaara@IM-LP-1894 MINGW64 ~/Desktop/git (master)
$ git status
On branch master
Changes not staged for commit:
  (use "git add <file>..." to update what will be committed)
  (use "git restore <file>..." to discard changes in working directory)
        modified:   file1.txt

no changes added to commit (use "git add" and/or "git commit -a")

ssaara@IM-LP-1894 MINGW64 ~/Desktop/git (master)
$ git add --all

ssaara@IM-LP-1894 MINGW64 ~/Desktop/git (master)
$ git status
On branch master
Changes to be committed:
  (use "git restore --staged <file>..." to unstage)
        modified:   file1.txt


ssaara@IM-LP-1894 MINGW64 ~/Desktop/git (master)
$ git commit -m "make some changes to file1"
[master 80f3c14] make some changes to file1
 Committer: Santhosh Goud Saara <ssaara@innominds.com>
Your name and email address were configured automatically based
on your username and hostname. Please check that they are accurate.
You can suppress this message by setting them explicitly. Run the
following command and follow the instructions in your editor to edit
your configuration file:

    git config --global --edit

After doing this, you may fix the identity used for this commit with:

    git commit --amend --reset-author

 1 file changed, 2 insertions(+)

ssaara@IM-LP-1894 MINGW64 ~/Desktop/git (master)
$ git status
On branch master
Changes not staged for commit:
  (use "git add <file>..." to update what will be committed)
  (use "git restore <file>..." to discard changes in working directory)
        modified:   file1.txt

no changes added to commit (use "git add" and/or "git commit -a")

ssaara@IM-LP-1894 MINGW64 ~/Desktop/git (master)
$ git add --all

ssaara@IM-LP-1894 MINGW64 ~/Desktop/git (master)
$ git status
On branch master
Changes to be committed:
  (use "git restore --staged <file>..." to unstage)
        modified:   file1.txt


ssaara@IM-LP-1894 MINGW64 ~/Desktop/git (master)
$ git commit -m "made some changes with file"
[master f20dfef] made some changes with file
 Committer: Santhosh Goud Saara <ssaara@innominds.com>
Your name and email address were configured automatically based
on your username and hostname. Please check that they are accurate.
You can suppress this message by setting them explicitly. Run the
following command and follow the instructions in your editor to edit
your configuration file:

    git config --global --edit

After doing this, you may fix the identity used for this commit with:

    git commit --amend --reset-author

 1 file changed, 1 insertion(+), 1 deletion(-)

ssaara@IM-LP-1894 MINGW64 ~/Desktop/git (master)
$ git log
commit f20dfef226e524056e26e30e6989dc46abc97c0c (HEAD -> master)
Author: Santhosh Goud Saara <ssaara@innominds.com>
Date:   Tue Jan 25 15:37:57 2022 +0530

    made some changes with file

commit 80f3c14b61593bf2df6e8a4e8c414d9be6484188
Author: Santhosh Goud Saara <ssaara@innominds.com>
Date:   Tue Jan 25 15:35:51 2022 +0530

    make some changes to file1

commit af08f06ef1e7fa4c46e87c88369fea2c9cf15be3
Author: Santhosh Goud Saara <ssaara@innominds.com>
Date:   Tue Jan 25 15:30:58 2022 +0530

    initial commit

ssaara@IM-LP-1894 MINGW64 ~/Desktop/git (master)
$ a^C

